Archive member included because of file (symbol)

/usr/lib/gcc/avr/4.7.2/avr35/libgcc.a(_mulhi3.o)
                              lufa-LUFA-140928/LUFA/Drivers/USB/Class/Common/HIDParser.o (__mulhi3)
/usr/lib/gcc/avr/4.7.2/avr35/libgcc.a(_udivmodsi4.o)
                              Hoodloader2.o (__udivmodsi4)
/usr/lib/gcc/avr/4.7.2/avr35/libgcc.a(_exit.o)
                              /usr/lib/gcc/avr/4.7.2/../../../avr/lib/avr35/crtusb162.o (exit)
/usr/lib/gcc/avr/4.7.2/avr35/libgcc.a(_copy_data.o)
                              Hoodloader2.o (__do_copy_data)
/usr/lib/gcc/avr/4.7.2/avr35/libgcc.a(_clear_bss.o)
                              Hoodloader2.o (__do_clear_bss)
/usr/lib/gcc/avr/4.7.2/../../../avr/lib/avr35/libc.a(eerd_byte_at90usb162.o)
                              Hoodloader2.o (__eerd_byte_usb162)
/usr/lib/gcc/avr/4.7.2/../../../avr/lib/avr35/libc.a(eeupd_byte_at90usb162.o)
                              lufa-LUFA-140928/LUFA/Drivers/USB/Core/AVR8/EndpointStream_AVR8.o (__eeupd_byte_usb162)
/usr/lib/gcc/avr/4.7.2/../../../avr/lib/avr35/libc.a(eewr_byte_at90usb162.o)
                              Hoodloader2.o (__eewr_byte_usb162)

Allocating common symbols
Common symbol       size              file

USB_IsInitialized   0x1               lufa-LUFA-140928/LUFA/Drivers/USB/Core/USBTask.o
USB_Device_ConfigurationNumber
                    0x1               lufa-LUFA-140928/LUFA/Drivers/USB/Core/DeviceStandardReq.o
USB_ControlRequest  0x8               lufa-LUFA-140928/LUFA/Drivers/USB/Core/USBTask.o

Discarded input sections

 .data          0x00000000        0x0 /usr/lib/gcc/avr/4.7.2/../../../avr/lib/avr35/crtusb162.o
 .bss           0x00000000        0x0 /usr/lib/gcc/avr/4.7.2/../../../avr/lib/avr35/crtusb162.o
 .text          0x00000000        0x0 Hoodloader2.o
 .text          0x00000000        0x0 Descriptors.o
 .data          0x00000000        0x0 Descriptors.o
 .bss           0x00000000        0x0 Descriptors.o
 .text          0x00000000        0x0 BootloaderAPI.o
 .data          0x00000000        0x0 BootloaderAPI.o
 .bss           0x00000000        0x0 BootloaderAPI.o
 .text          0x00000000        0x0 BootloaderAPITable.o
 .data          0x00000000        0x0 BootloaderAPITable.o
 .bss           0x00000000        0x0 BootloaderAPITable.o
 .text          0x00000000        0x0 lufa-LUFA-140928/LUFA/Drivers/USB/Class/Common/HIDParser.o
 .data          0x00000000        0x0 lufa-LUFA-140928/LUFA/Drivers/USB/Class/Common/HIDParser.o
 .bss           0x00000000        0x0 lufa-LUFA-140928/LUFA/Drivers/USB/Class/Common/HIDParser.o
 .text.USB_ProcessHIDReport
                0x00000000      0x750 lufa-LUFA-140928/LUFA/Drivers/USB/Class/Common/HIDParser.o
 .text.USB_GetHIDReportItemInfo
                0x00000000       0xbc lufa-LUFA-140928/LUFA/Drivers/USB/Class/Common/HIDParser.o
 .text.USB_SetHIDReportItemInfo
                0x00000000       0xec lufa-LUFA-140928/LUFA/Drivers/USB/Class/Common/HIDParser.o
 .text.USB_GetHIDReportSize
                0x00000000       0x5e lufa-LUFA-140928/LUFA/Drivers/USB/Class/Common/HIDParser.o
 .text          0x00000000        0x0 lufa-LUFA-140928/LUFA/Drivers/USB/Core/AVR8/Device_AVR8.o
 .data          0x00000000        0x0 lufa-LUFA-140928/LUFA/Drivers/USB/Core/AVR8/Device_AVR8.o
 .bss           0x00000000        0x0 lufa-LUFA-140928/LUFA/Drivers/USB/Core/AVR8/Device_AVR8.o
 .text.USB_Device_SendRemoteWakeup
                0x00000000       0x2c lufa-LUFA-140928/LUFA/Drivers/USB/Core/AVR8/Device_AVR8.o
 .text          0x00000000        0x0 lufa-LUFA-140928/LUFA/Drivers/USB/Core/AVR8/EndpointStream_AVR8.o
 .data          0x00000000        0x0 lufa-LUFA-140928/LUFA/Drivers/USB/Core/AVR8/EndpointStream_AVR8.o
 .bss           0x00000000        0x0 lufa-LUFA-140928/LUFA/Drivers/USB/Core/AVR8/EndpointStream_AVR8.o
 .text.Endpoint_Discard_Stream
                0x00000000       0x8a lufa-LUFA-140928/LUFA/Drivers/USB/Core/AVR8/EndpointStream_AVR8.o
 .text.Endpoint_Null_Stream
                0x00000000       0x8a lufa-LUFA-140928/LUFA/Drivers/USB/Core/AVR8/EndpointStream_AVR8.o
 .text.Endpoint_Write_Stream_LE
                0x00000000       0xa2 lufa-LUFA-140928/LUFA/Drivers/USB/Core/AVR8/EndpointStream_AVR8.o
 .text.Endpoint_Write_Stream_BE
                0x00000000       0xb0 lufa-LUFA-140928/LUFA/Drivers/USB/Core/AVR8/EndpointStream_AVR8.o
 .text.Endpoint_Read_Stream_LE
                0x00000000       0xa2 lufa-LUFA-140928/LUFA/Drivers/USB/Core/AVR8/EndpointStream_AVR8.o
 .text.Endpoint_Read_Stream_BE
                0x00000000       0xb0 lufa-LUFA-140928/LUFA/Drivers/USB/Core/AVR8/EndpointStream_AVR8.o
 .text.Endpoint_Write_PStream_LE
                0x00000000       0xa6 lufa-LUFA-140928/LUFA/Drivers/USB/Core/AVR8/EndpointStream_AVR8.o
 .text.Endpoint_Write_PStream_BE
                0x00000000       0xb2 lufa-LUFA-140928/LUFA/Drivers/USB/Core/AVR8/EndpointStream_AVR8.o
 .text.Endpoint_Write_EStream_LE
                0x00000000       0xa8 lufa-LUFA-140928/LUFA/Drivers/USB/Core/AVR8/EndpointStream_AVR8.o
 .text.Endpoint_Write_EStream_BE
                0x00000000       0xb4 lufa-LUFA-140928/LUFA/Drivers/USB/Core/AVR8/EndpointStream_AVR8.o
 .text.Endpoint_Read_EStream_LE
                0x00000000       0xac lufa-LUFA-140928/LUFA/Drivers/USB/Core/AVR8/EndpointStream_AVR8.o
 .text.Endpoint_Read_EStream_BE
                0x00000000       0xb4 lufa-LUFA-140928/LUFA/Drivers/USB/Core/AVR8/EndpointStream_AVR8.o
 .text.Endpoint_Write_Control_Stream_BE
                0x00000000       0xca lufa-LUFA-140928/LUFA/Drivers/USB/Core/AVR8/EndpointStream_AVR8.o
 .text.Endpoint_Read_Control_Stream_LE
                0x00000000       0x7c lufa-LUFA-140928/LUFA/Drivers/USB/Core/AVR8/EndpointStream_AVR8.o
 .text.Endpoint_Read_Control_Stream_BE
                0x00000000       0x74 lufa-LUFA-140928/LUFA/Drivers/USB/Core/AVR8/EndpointStream_AVR8.o
 .text.Endpoint_Write_Control_PStream_LE
                0x00000000       0xc6 lufa-LUFA-140928/LUFA/Drivers/USB/Core/AVR8/EndpointStream_AVR8.o
 .text.Endpoint_Write_Control_PStream_BE
                0x00000000       0xd4 lufa-LUFA-140928/LUFA/Drivers/USB/Core/AVR8/EndpointStream_AVR8.o
 .text.Endpoint_Write_Control_EStream_LE
                0x00000000       0xe8 lufa-LUFA-140928/LUFA/Drivers/USB/Core/AVR8/EndpointStream_AVR8.o
 .text.Endpoint_Write_Control_EStream_BE
                0x00000000      0x10a lufa-LUFA-140928/LUFA/Drivers/USB/Core/AVR8/EndpointStream_AVR8.o
 .text.Endpoint_Read_Control_EStream_LE
                0x00000000       0x8a lufa-LUFA-140928/LUFA/Drivers/USB/Core/AVR8/EndpointStream_AVR8.o
 .text.Endpoint_Read_Control_EStream_BE
                0x00000000       0x88 lufa-LUFA-140928/LUFA/Drivers/USB/Core/AVR8/EndpointStream_AVR8.o
 .text          0x00000000        0x0 lufa-LUFA-140928/LUFA/Drivers/USB/Core/AVR8/Endpoint_AVR8.o
 .data          0x00000000        0x0 lufa-LUFA-140928/LUFA/Drivers/USB/Core/AVR8/Endpoint_AVR8.o
 .bss           0x00000000        0x0 lufa-LUFA-140928/LUFA/Drivers/USB/Core/AVR8/Endpoint_AVR8.o
 .text.Endpoint_ConfigureEndpointTable
                0x00000000       0x7e lufa-LUFA-140928/LUFA/Drivers/USB/Core/AVR8/Endpoint_AVR8.o
 .text.Endpoint_ClearEndpoints
                0x00000000       0x28 lufa-LUFA-140928/LUFA/Drivers/USB/Core/AVR8/Endpoint_AVR8.o
 .text.Endpoint_WaitUntilReady
                0x00000000       0x62 lufa-LUFA-140928/LUFA/Drivers/USB/Core/AVR8/Endpoint_AVR8.o
 .text          0x00000000        0x0 lufa-LUFA-140928/LUFA/Drivers/USB/Core/AVR8/Host_AVR8.o
 .data          0x00000000        0x0 lufa-LUFA-140928/LUFA/Drivers/USB/Core/AVR8/Host_AVR8.o
 .bss           0x00000000        0x0 lufa-LUFA-140928/LUFA/Drivers/USB/Core/AVR8/Host_AVR8.o
 .text          0x00000000        0x0 lufa-LUFA-140928/LUFA/Drivers/USB/Core/AVR8/PipeStream_AVR8.o
 .data          0x00000000        0x0 lufa-LUFA-140928/LUFA/Drivers/USB/Core/AVR8/PipeStream_AVR8.o
 .bss           0x00000000        0x0 lufa-LUFA-140928/LUFA/Drivers/USB/Core/AVR8/PipeStream_AVR8.o
 .text          0x00000000        0x0 lufa-LUFA-140928/LUFA/Drivers/USB/Core/AVR8/Pipe_AVR8.o
 .data          0x00000000        0x0 lufa-LUFA-140928/LUFA/Drivers/USB/Core/AVR8/Pipe_AVR8.o
 .bss           0x00000000        0x0 lufa-LUFA-140928/LUFA/Drivers/USB/Core/AVR8/Pipe_AVR8.o
 .text          0x00000000        0x0 lufa-LUFA-140928/LUFA/Drivers/USB/Core/AVR8/USBController_AVR8.o
 .data          0x00000000        0x0 lufa-LUFA-140928/LUFA/Drivers/USB/Core/AVR8/USBController_AVR8.o
 .bss           0x00000000        0x0 lufa-LUFA-140928/LUFA/Drivers/USB/Core/AVR8/USBController_AVR8.o
 .text.USB_Disable
                0x00000000       0x2e lufa-LUFA-140928/LUFA/Drivers/USB/Core/AVR8/USBController_AVR8.o
 .text          0x00000000        0x0 lufa-LUFA-140928/LUFA/Drivers/USB/Core/AVR8/USBInterrupt_AVR8.o
 .data          0x00000000        0x0 lufa-LUFA-140928/LUFA/Drivers/USB/Core/AVR8/USBInterrupt_AVR8.o
 .bss           0x00000000        0x0 lufa-LUFA-140928/LUFA/Drivers/USB/Core/AVR8/USBInterrupt_AVR8.o
 .text          0x00000000        0x0 lufa-LUFA-140928/LUFA/Drivers/USB/Core/ConfigDescriptors.o
 .data          0x00000000        0x0 lufa-LUFA-140928/LUFA/Drivers/USB/Core/ConfigDescriptors.o
 .bss           0x00000000        0x0 lufa-LUFA-140928/LUFA/Drivers/USB/Core/ConfigDescriptors.o
 .text.USB_GetNextDescriptor
                0x00000000       0x38 lufa-LUFA-140928/LUFA/Drivers/USB/Core/ConfigDescriptors.o
 .text.USB_GetNextDescriptorOfType
                0x00000000       0x4a lufa-LUFA-140928/LUFA/Drivers/USB/Core/ConfigDescriptors.o
 .text.USB_GetNextDescriptorOfTypeBefore
                0x00000000       0x5c lufa-LUFA-140928/LUFA/Drivers/USB/Core/ConfigDescriptors.o
 .text.USB_GetNextDescriptorOfTypeAfter
                0x00000000       0x3e lufa-LUFA-140928/LUFA/Drivers/USB/Core/ConfigDescriptors.o
 .text.USB_GetNextDescriptorComp
                0x00000000       0x68 lufa-LUFA-140928/LUFA/Drivers/USB/Core/ConfigDescriptors.o
 .text          0x00000000        0x0 lufa-LUFA-140928/LUFA/Drivers/USB/Core/DeviceStandardReq.o
 .data          0x00000000        0x0 lufa-LUFA-140928/LUFA/Drivers/USB/Core/DeviceStandardReq.o
 .bss           0x00000000        0x0 lufa-LUFA-140928/LUFA/Drivers/USB/Core/DeviceStandardReq.o
 .text          0x00000000        0x0 lufa-LUFA-140928/LUFA/Drivers/USB/Core/Events.o
 .data          0x00000000        0x0 lufa-LUFA-140928/LUFA/Drivers/USB/Core/Events.o
 .bss           0x00000000        0x0 lufa-LUFA-140928/LUFA/Drivers/USB/Core/Events.o
 .text          0x00000000        0x0 lufa-LUFA-140928/LUFA/Drivers/USB/Core/HostStandardReq.o
 .data          0x00000000        0x0 lufa-LUFA-140928/LUFA/Drivers/USB/Core/HostStandardReq.o
 .bss           0x00000000        0x0 lufa-LUFA-140928/LUFA/Drivers/USB/Core/HostStandardReq.o
 .text          0x00000000        0x0 lufa-LUFA-140928/LUFA/Drivers/USB/Core/USBTask.o
 .data          0x00000000        0x0 lufa-LUFA-140928/LUFA/Drivers/USB/Core/USBTask.o
 .bss           0x00000000        0x0 lufa-LUFA-140928/LUFA/Drivers/USB/Core/USBTask.o
 .text          0x00000000        0x0 /usr/lib/gcc/avr/4.7.2/avr35/libgcc.a(_mulhi3.o)
 .data          0x00000000        0x0 /usr/lib/gcc/avr/4.7.2/avr35/libgcc.a(_mulhi3.o)
 .bss           0x00000000        0x0 /usr/lib/gcc/avr/4.7.2/avr35/libgcc.a(_mulhi3.o)
 .text.libgcc.mul
                0x00000000       0x24 /usr/lib/gcc/avr/4.7.2/avr35/libgcc.a(_mulhi3.o)
 .text.libgcc.div
                0x00000000        0x0 /usr/lib/gcc/avr/4.7.2/avr35/libgcc.a(_mulhi3.o)
 .text.libgcc   0x00000000        0x0 /usr/lib/gcc/avr/4.7.2/avr35/libgcc.a(_mulhi3.o)
 .text.libgcc.prologue
                0x00000000        0x0 /usr/lib/gcc/avr/4.7.2/avr35/libgcc.a(_mulhi3.o)
 .text.libgcc.builtins
                0x00000000        0x0 /usr/lib/gcc/avr/4.7.2/avr35/libgcc.a(_mulhi3.o)
 .text.libgcc.fmul
                0x00000000        0x0 /usr/lib/gcc/avr/4.7.2/avr35/libgcc.a(_mulhi3.o)
 .text          0x00000000        0x0 /usr/lib/gcc/avr/4.7.2/avr35/libgcc.a(_udivmodsi4.o)
 .data          0x00000000        0x0 /usr/lib/gcc/avr/4.7.2/avr35/libgcc.a(_udivmodsi4.o)
 .bss           0x00000000        0x0 /usr/lib/gcc/avr/4.7.2/avr35/libgcc.a(_udivmodsi4.o)
 .text.libgcc.mul
                0x00000000        0x0 /usr/lib/gcc/avr/4.7.2/avr35/libgcc.a(_udivmodsi4.o)
 .text.libgcc   0x00000000        0x0 /usr/lib/gcc/avr/4.7.2/avr35/libgcc.a(_udivmodsi4.o)
 .text.libgcc.prologue
                0x00000000        0x0 /usr/lib/gcc/avr/4.7.2/avr35/libgcc.a(_udivmodsi4.o)
 .text.libgcc.builtins
                0x00000000        0x0 /usr/lib/gcc/avr/4.7.2/avr35/libgcc.a(_udivmodsi4.o)
 .text.libgcc.fmul
                0x00000000        0x0 /usr/lib/gcc/avr/4.7.2/avr35/libgcc.a(_udivmodsi4.o)
 .text          0x00000000        0x0 /usr/lib/gcc/avr/4.7.2/avr35/libgcc.a(_exit.o)
 .data          0x00000000        0x0 /usr/lib/gcc/avr/4.7.2/avr35/libgcc.a(_exit.o)
 .bss           0x00000000        0x0 /usr/lib/gcc/avr/4.7.2/avr35/libgcc.a(_exit.o)
 .text.libgcc.mul
                0x00000000        0x0 /usr/lib/gcc/avr/4.7.2/avr35/libgcc.a(_exit.o)
 .text.libgcc.div
                0x00000000        0x0 /usr/lib/gcc/avr/4.7.2/avr35/libgcc.a(_exit.o)
 .text.libgcc   0x00000000        0x0 /usr/lib/gcc/avr/4.7.2/avr35/libgcc.a(_exit.o)
 .text.libgcc.prologue
                0x00000000        0x0 /usr/lib/gcc/avr/4.7.2/avr35/libgcc.a(_exit.o)
 .text.libgcc.builtins
                0x00000000        0x0 /usr/lib/gcc/avr/4.7.2/avr35/libgcc.a(_exit.o)
 .text.libgcc.fmul
                0x00000000        0x0 /usr/lib/gcc/avr/4.7.2/avr35/libgcc.a(_exit.o)
 .text          0x00000000        0x0 /usr/lib/gcc/avr/4.7.2/avr35/libgcc.a(_copy_data.o)
 .data          0x00000000        0x0 /usr/lib/gcc/avr/4.7.2/avr35/libgcc.a(_copy_data.o)
 .bss           0x00000000        0x0 /usr/lib/gcc/avr/4.7.2/avr35/libgcc.a(_copy_data.o)
 .text.libgcc.mul
                0x00000000        0x0 /usr/lib/gcc/avr/4.7.2/avr35/libgcc.a(_copy_data.o)
 .text.libgcc.div
                0x00000000        0x0 /usr/lib/gcc/avr/4.7.2/avr35/libgcc.a(_copy_data.o)
 .text.libgcc   0x00000000        0x0 /usr/lib/gcc/avr/4.7.2/avr35/libgcc.a(_copy_data.o)
 .text.libgcc.prologue
                0x00000000        0x0 /usr/lib/gcc/avr/4.7.2/avr35/libgcc.a(_copy_data.o)
 .text.libgcc.builtins
                0x00000000        0x0 /usr/lib/gcc/avr/4.7.2/avr35/libgcc.a(_copy_data.o)
 .text.libgcc.fmul
                0x00000000        0x0 /usr/lib/gcc/avr/4.7.2/avr35/libgcc.a(_copy_data.o)
 .text          0x00000000        0x0 /usr/lib/gcc/avr/4.7.2/avr35/libgcc.a(_clear_bss.o)
 .data          0x00000000        0x0 /usr/lib/gcc/avr/4.7.2/avr35/libgcc.a(_clear_bss.o)
 .bss           0x00000000        0x0 /usr/lib/gcc/avr/4.7.2/avr35/libgcc.a(_clear_bss.o)
 .text.libgcc.mul
                0x00000000        0x0 /usr/lib/gcc/avr/4.7.2/avr35/libgcc.a(_clear_bss.o)
 .text.libgcc.div
                0x00000000        0x0 /usr/lib/gcc/avr/4.7.2/avr35/libgcc.a(_clear_bss.o)
 .text.libgcc   0x00000000        0x0 /usr/lib/gcc/avr/4.7.2/avr35/libgcc.a(_clear_bss.o)
 .text.libgcc.prologue
                0x00000000        0x0 /usr/lib/gcc/avr/4.7.2/avr35/libgcc.a(_clear_bss.o)
 .text.libgcc.builtins
                0x00000000        0x0 /usr/lib/gcc/avr/4.7.2/avr35/libgcc.a(_clear_bss.o)
 .text.libgcc.fmul
                0x00000000        0x0 /usr/lib/gcc/avr/4.7.2/avr35/libgcc.a(_clear_bss.o)
 .text          0x00000000        0x0 /usr/lib/gcc/avr/4.7.2/../../../avr/lib/avr35/libc.a(eerd_byte_at90usb162.o)
 .data          0x00000000        0x0 /usr/lib/gcc/avr/4.7.2/../../../avr/lib/avr35/libc.a(eerd_byte_at90usb162.o)
 .bss           0x00000000        0x0 /usr/lib/gcc/avr/4.7.2/../../../avr/lib/avr35/libc.a(eerd_byte_at90usb162.o)
 .text          0x00000000        0x0 /usr/lib/gcc/avr/4.7.2/../../../avr/lib/avr35/libc.a(eeupd_byte_at90usb162.o)
 .data          0x00000000        0x0 /usr/lib/gcc/avr/4.7.2/../../../avr/lib/avr35/libc.a(eeupd_byte_at90usb162.o)
 .bss           0x00000000        0x0 /usr/lib/gcc/avr/4.7.2/../../../avr/lib/avr35/libc.a(eeupd_byte_at90usb162.o)
 .text.avr-libc
                0x00000000       0x24 /usr/lib/gcc/avr/4.7.2/../../../avr/lib/avr35/libc.a(eeupd_byte_at90usb162.o)
 .text          0x00000000        0x0 /usr/lib/gcc/avr/4.7.2/../../../avr/lib/avr35/libc.a(eewr_byte_at90usb162.o)
 .data          0x00000000        0x0 /usr/lib/gcc/avr/4.7.2/../../../avr/lib/avr35/libc.a(eewr_byte_at90usb162.o)
 .bss           0x00000000        0x0 /usr/lib/gcc/avr/4.7.2/../../../avr/lib/avr35/libc.a(eewr_byte_at90usb162.o)

Memory Configuration

Name             Origin             Length             Attributes
text             0x00000000         0x00010000         xr
data             0x00800060         0x0000ffa0         rw !x
eeprom           0x00810000         0x00010000         rw !x
fuse             0x00820000         0x00000400         rw !x
lock             0x00830000         0x00000400         rw !x
signature        0x00840000         0x00000400         rw !x
*default*        0x00000000         0xffffffff

Linker script and memory map

Address of section .data set to 0x800100
LOAD /usr/lib/gcc/avr/4.7.2/../../../avr/lib/avr35/crtusb162.o
LOAD Hoodloader2.o
LOAD Descriptors.o
LOAD BootloaderAPI.o
LOAD BootloaderAPITable.o
LOAD lufa-LUFA-140928/LUFA/Drivers/USB/Class/Common/HIDParser.o
LOAD lufa-LUFA-140928/LUFA/Drivers/USB/Core/AVR8/Device_AVR8.o
LOAD lufa-LUFA-140928/LUFA/Drivers/USB/Core/AVR8/EndpointStream_AVR8.o
LOAD lufa-LUFA-140928/LUFA/Drivers/USB/Core/AVR8/Endpoint_AVR8.o
LOAD lufa-LUFA-140928/LUFA/Drivers/USB/Core/AVR8/Host_AVR8.o
LOAD lufa-LUFA-140928/LUFA/Drivers/USB/Core/AVR8/PipeStream_AVR8.o
LOAD lufa-LUFA-140928/LUFA/Drivers/USB/Core/AVR8/Pipe_AVR8.o
LOAD lufa-LUFA-140928/LUFA/Drivers/USB/Core/AVR8/USBController_AVR8.o
LOAD lufa-LUFA-140928/LUFA/Drivers/USB/Core/AVR8/USBInterrupt_AVR8.o
LOAD lufa-LUFA-140928/LUFA/Drivers/USB/Core/ConfigDescriptors.o
LOAD lufa-LUFA-140928/LUFA/Drivers/USB/Core/DeviceStandardReq.o
LOAD lufa-LUFA-140928/LUFA/Drivers/USB/Core/Events.o
LOAD lufa-LUFA-140928/LUFA/Drivers/USB/Core/HostStandardReq.o
LOAD lufa-LUFA-140928/LUFA/Drivers/USB/Core/USBTask.o
LOAD /usr/lib/gcc/avr/4.7.2/../../../avr/lib/avr35/libm.a
Address of section .text set to 0x3000
Address of section .apitable_trampolines set to 0x3fa0
Address of section .apitable_jumptable set to 0x3fe0
Address of section .apitable_signatures set to 0x3ff8
LOAD /usr/lib/gcc/avr/4.7.2/avr35/libgcc.a
LOAD /usr/lib/gcc/avr/4.7.2/../../../avr/lib/avr35/libc.a
LOAD /usr/lib/gcc/avr/4.7.2/avr35/libgcc.a

.hash
 *(.hash)

.dynsym
 *(.dynsym)

.dynstr
 *(.dynstr)

.gnu.version
 *(.gnu.version)

.gnu.version_d
 *(.gnu.version_d)

.gnu.version_r
 *(.gnu.version_r)

.rel.init
 *(.rel.init)

.rela.init
 *(.rela.init)

.rel.text
 *(.rel.text)
 *(.rel.text.*)
 *(.rel.gnu.linkonce.t*)

.rela.text
 *(.rela.text)
 *(.rela.text.*)
 *(.rela.gnu.linkonce.t*)

.rel.fini
 *(.rel.fini)

.rela.fini
 *(.rela.fini)

.rel.rodata
 *(.rel.rodata)
 *(.rel.rodata.*)
 *(.rel.gnu.linkonce.r*)

.rela.rodata
 *(.rela.rodata)
 *(.rela.rodata.*)
 *(.rela.gnu.linkonce.r*)

.rel.data
 *(.rel.data)
 *(.rel.data.*)
 *(.rel.gnu.linkonce.d*)

.rela.data
 *(.rela.data)
 *(.rela.data.*)
 *(.rela.gnu.linkonce.d*)

.rel.ctors
 *(.rel.ctors)

.rela.ctors
 *(.rela.ctors)

.rel.dtors
 *(.rel.dtors)

.rela.dtors
 *(.rela.dtors)

.rel.got
 *(.rel.got)

.rela.got
 *(.rela.got)

.rel.bss
 *(.rel.bss)

.rela.bss
 *(.rela.bss)

.rel.plt
 *(.rel.plt)

.rela.plt
 *(.rela.plt)

.text           0x00003000      0xed0
 *(.vectors)
 .vectors       0x00003000       0x74 /usr/lib/gcc/avr/4.7.2/../../../avr/lib/avr35/crtusb162.o
                0x00003000                __vectors
                0x00003000                __vector_default
 *(.vectors)
 *(.progmem.gcc*)
 *(.progmem*)
                0x00003074                . = ALIGN (0x2)
                0x00003074                __trampolines_start = .
 *(.trampolines)
 .trampolines   0x00003074        0x0 linker stubs
 *(.trampolines*)
                0x00003074                __trampolines_end = .
 *(.jumptables)
 *(.jumptables*)
 *(.lowtext)
 *(.lowtext*)
                0x00003074                __ctors_start = .
 *(.ctors)
                0x00003074                __ctors_end = .
                0x00003074                __dtors_start = .
 *(.dtors)
                0x00003074                __dtors_end = .
 SORT(*)(.ctors)
 SORT(*)(.dtors)
 *(.init0)
 .init0         0x00003074        0x0 /usr/lib/gcc/avr/4.7.2/../../../avr/lib/avr35/crtusb162.o
                0x00003074                __init
 *(.init0)
 *(.init1)
 *(.init1)
 *(.init2)
 .init2         0x00003074        0xc /usr/lib/gcc/avr/4.7.2/../../../avr/lib/avr35/crtusb162.o
 *(.init2)
 *(.init3)
 .init3         0x00003080       0x38 Hoodloader2.o
                0x00003080                Application_Jump_Check
 *(.init3)
 *(.init4)
 .init4         0x000030b8       0x16 /usr/lib/gcc/avr/4.7.2/avr35/libgcc.a(_copy_data.o)
                0x000030b8                __do_copy_data
 .init4         0x000030ce       0x10 /usr/lib/gcc/avr/4.7.2/avr35/libgcc.a(_clear_bss.o)
                0x000030ce                __do_clear_bss
 *(.init4)
 *(.init5)
 *(.init5)
 *(.init6)
 *(.init6)
 *(.init7)
 *(.init7)
 *(.init8)
 *(.init8)
 *(.init9)
 .init9         0x000030de        0x4 /usr/lib/gcc/avr/4.7.2/../../../avr/lib/avr35/crtusb162.o
 *(.init9)
 *(.text)
 .text          0x000030e2        0x2 /usr/lib/gcc/avr/4.7.2/../../../avr/lib/avr35/crtusb162.o
                0x000030e2                __vector_22
                0x000030e2                __vector_28
                0x000030e2                __vector_1
                0x000030e2                __vector_24
                0x000030e2                __vector_12
                0x000030e2                __bad_interrupt
                0x000030e2                __vector_6
                0x000030e2                __vector_3
                0x000030e2                __vector_25
                0x000030e2                __vector_13
                0x000030e2                __vector_17
                0x000030e2                __vector_19
                0x000030e2                __vector_7
                0x000030e2                __vector_27
                0x000030e2                __vector_5
                0x000030e2                __vector_4
                0x000030e2                __vector_9
                0x000030e2                __vector_2
                0x000030e2                __vector_21
                0x000030e2                __vector_15
                0x000030e2                __vector_8
                0x000030e2                __vector_26
                0x000030e2                __vector_14
                0x000030e2                __vector_10
                0x000030e2                __vector_16
                0x000030e2                __vector_18
                0x000030e2                __vector_20
                0x000030e4                . = ALIGN (0x2)
 *(.text.*)
 .text.FetchNextCommandByte
                0x000030e4       0x34 Hoodloader2.o
 .text.WriteNextResponseByte
                0x00003118       0x32 Hoodloader2.o
 .text.startup.main
                0x0000314a      0x504 Hoodloader2.o
                0x0000314a                main
 .text.EVENT_USB_Device_ConfigurationChanged
                0x0000364e       0x18 Hoodloader2.o
                0x0000364e                EVENT_USB_Device_ConfigurationChanged
 .text.EVENT_USB_Device_ControlRequest
                0x00003666      0x19c Hoodloader2.o
                0x00003666                EVENT_USB_Device_ControlRequest
 .text.__vector_23
                0x00003802       0x1c Hoodloader2.o
                0x00003802                __vector_23
 .text.CALLBACK_USB_GetDescriptor
                0x0000381e       0x6a Descriptors.o
                0x0000381e                CALLBACK_USB_GetDescriptor
 .text.BootloaderAPI_ErasePage
                0x00003888       0x24 BootloaderAPI.o
                0x00003888                BootloaderAPI_ErasePage
 .text.BootloaderAPI_WritePage
                0x000038ac       0x24 BootloaderAPI.o
                0x000038ac                BootloaderAPI_WritePage
 .text.BootloaderAPI_FillWord
                0x000038d0       0x1a BootloaderAPI.o
                0x000038d0                BootloaderAPI_FillWord
 .text.BootloaderAPI_ReadSignature
                0x000038ea        0xc BootloaderAPI.o
                0x000038ea                BootloaderAPI_ReadSignature
 .text.BootloaderAPI_ReadFuse
                0x000038f6        0xc BootloaderAPI.o
                0x000038f6                BootloaderAPI_ReadFuse
 .text.BootloaderAPI_ReadLock
                0x00003902        0xe BootloaderAPI.o
                0x00003902                BootloaderAPI_ReadLock
 .text.BootloaderAPI_WriteLock
                0x00003910       0x1c BootloaderAPI.o
                0x00003910                BootloaderAPI_WriteLock
 .text.Endpoint_Write_Control_Stream_LE
                0x0000392c       0xc4 lufa-LUFA-140928/LUFA/Drivers/USB/Core/AVR8/EndpointStream_AVR8.o
                0x0000392c                Endpoint_Write_Control_Stream_LE
 .text.Endpoint_ConfigureEndpoint_Prv
                0x000039f0       0x28 lufa-LUFA-140928/LUFA/Drivers/USB/Core/AVR8/Endpoint_AVR8.o
                0x000039f0                Endpoint_ConfigureEndpoint_Prv
 .text.Endpoint_ClearStatusStage
                0x00003a18       0x3e lufa-LUFA-140928/LUFA/Drivers/USB/Core/AVR8/Endpoint_AVR8.o
                0x00003a18                Endpoint_ClearStatusStage
 .text.USB_ResetInterface
                0x00003a56       0x68 lufa-LUFA-140928/LUFA/Drivers/USB/Core/AVR8/USBController_AVR8.o
                0x00003a56                USB_ResetInterface
 .text.USB_Init
                0x00003abe       0x12 lufa-LUFA-140928/LUFA/Drivers/USB/Core/AVR8/USBController_AVR8.o
                0x00003abe                USB_Init
 .text.USB_INT_DisableAllInterrupts
                0x00003ad0        0x6 lufa-LUFA-140928/LUFA/Drivers/USB/Core/AVR8/USBInterrupt_AVR8.o
                0x00003ad0                USB_INT_DisableAllInterrupts
 .text.USB_INT_ClearAllInterrupts
                0x00003ad6        0x6 lufa-LUFA-140928/LUFA/Drivers/USB/Core/AVR8/USBInterrupt_AVR8.o
                0x00003ad6                USB_INT_ClearAllInterrupts
 .text.__vector_11
                0x00003adc      0x126 lufa-LUFA-140928/LUFA/Drivers/USB/Core/AVR8/USBInterrupt_AVR8.o
                0x00003adc                __vector_11
 .text.USB_Device_ProcessControlRequest
                0x00003c02      0x222 lufa-LUFA-140928/LUFA/Drivers/USB/Core/DeviceStandardReq.o
                0x00003c02                USB_Device_ProcessControlRequest
 .text.USB_Event_Stub
                0x00003e24        0x2 lufa-LUFA-140928/LUFA/Drivers/USB/Core/Events.o
                0x00003e24                EVENT_USB_Device_Connect
                0x00003e24                EVENT_USB_Device_WakeUp
                0x00003e24                USB_Event_Stub
                0x00003e24                EVENT_USB_Device_Suspend
                0x00003e24                EVENT_USB_Device_StartOfFrame
                0x00003e24                EVENT_USB_Device_Disconnect
                0x00003e24                EVENT_USB_Device_Reset
 .text.USB_USBTask
                0x00003e26       0x36 lufa-LUFA-140928/LUFA/Drivers/USB/Core/USBTask.o
                0x00003e26                USB_USBTask
 .text.libgcc.div
                0x00003e5c       0x44 /usr/lib/gcc/avr/4.7.2/avr35/libgcc.a(_udivmodsi4.o)
                0x00003e5c                __udivmodsi4
 .text.avr-libc
                0x00003ea0       0x10 /usr/lib/gcc/avr/4.7.2/../../../avr/lib/avr35/libc.a(eerd_byte_at90usb162.o)
                0x00003ea0                __eerd_byte_usb162
 .text.avr-libc
                0x00003eb0       0x1c /usr/lib/gcc/avr/4.7.2/../../../avr/lib/avr35/libc.a(eewr_byte_at90usb162.o)
                0x00003eb0                __eewr_byte_usb162
                0x00003eb2                __eewr_r18_usb162
                0x00003ecc                . = ALIGN (0x2)
 *(.fini9)
 .fini9         0x00003ecc        0x0 /usr/lib/gcc/avr/4.7.2/avr35/libgcc.a(_exit.o)
                0x00003ecc                exit
                0x00003ecc                _exit
 *(.fini9)
 *(.fini8)
 *(.fini8)
 *(.fini7)
 *(.fini7)
 *(.fini6)
 *(.fini6)
 *(.fini5)
 *(.fini5)
 *(.fini4)
 *(.fini4)
 *(.fini3)
 *(.fini3)
 *(.fini2)
 *(.fini2)
 *(.fini1)
 *(.fini1)
 *(.fini0)
 .fini0         0x00003ecc        0x4 /usr/lib/gcc/avr/4.7.2/avr35/libgcc.a(_exit.o)
 *(.fini0)
                0x00003ed0                _etext = .

.data           0x00800100       0x94 load address 0x00003ed0
                0x00800100                PROVIDE (__data_start, .)
 *(.data)
 .data          0x00800100        0x8 Hoodloader2.o
 *(.data*)
 *(.rodata)
 .rodata        0x00800108        0x2 Hoodloader2.o
 .rodata        0x0080010a       0x82 Descriptors.o
                0x0080010a                ProductString
                0x00800124                ManufacturerString
                0x00800138                LanguageString
                0x0080013c                ConfigurationDescriptor
                0x0080017a                DeviceDescriptor
 *(.rodata*)
 .rodata.str1.1
                0x0080018c        0x8 Hoodloader2.o
 *(.gnu.linkonce.d*)
                0x00800194                . = ALIGN (0x2)
                0x00800194                _edata = .
                0x00800194                PROVIDE (__data_end, .)

.bss            0x00800194       0x12
                0x00800194                PROVIDE (__bss_start, .)
 *(.bss)
 .bss           0x00800194        0x8 Hoodloader2.o
 *(.bss*)
 *(COMMON)
 COMMON         0x0080019c        0x1 lufa-LUFA-140928/LUFA/Drivers/USB/Core/DeviceStandardReq.o
                0x0080019c                USB_Device_ConfigurationNumber
 COMMON         0x0080019d        0x9 lufa-LUFA-140928/LUFA/Drivers/USB/Core/USBTask.o
                0x0080019d                USB_IsInitialized
                0x0080019e                USB_ControlRequest
                0x008001a6                PROVIDE (__bss_end, .)
                0x00003ed0                __data_load_start = LOADADDR (.data)
                0x00003f64                __data_load_end = (__data_load_start + SIZEOF (.data))

.noinit         0x008001a6        0x2
                0x008001a6                PROVIDE (__noinit_start, .)
 *(.noinit*)
 .noinit        0x008001a6        0x2 Hoodloader2.o
                0x008001a6                MagicBootKey
                0x008001a8                PROVIDE (__noinit_end, .)
                0x008001a8                _end = .
                0x008001a8                PROVIDE (__heap_start, .)

.eeprom         0x00810000        0x0
 *(.eeprom*)
                0x00810000                __eeprom_end = .

.fuse
 *(.fuse)
 *(.lfuse)
 *(.hfuse)
 *(.efuse)

.lock
 *(.lock*)

.signature
 *(.signature*)

.stab           0x00000000      0x954
 *(.stab)
 .stab          0x00000000      0x6cc /usr/lib/gcc/avr/4.7.2/../../../avr/lib/avr35/crtusb162.o
 .stab          0x000006cc       0x90 /usr/lib/gcc/avr/4.7.2/../../../avr/lib/avr35/libc.a(eerd_byte_at90usb162.o)
                                 0x9c (size before relaxing)
 .stab          0x0000075c      0x114 /usr/lib/gcc/avr/4.7.2/../../../avr/lib/avr35/libc.a(eeupd_byte_at90usb162.o)
                                0x120 (size before relaxing)
 .stab          0x00000870       0xe4 /usr/lib/gcc/avr/4.7.2/../../../avr/lib/avr35/libc.a(eewr_byte_at90usb162.o)
                                 0xf0 (size before relaxing)

.stabstr        0x00000000       0xe2
 *(.stabstr)
 .stabstr       0x00000000       0xe2 /usr/lib/gcc/avr/4.7.2/../../../avr/lib/avr35/crtusb162.o

.stab.excl
 *(.stab.excl)

.stab.exclstr
 *(.stab.exclstr)

.stab.index
 *(.stab.index)

.stab.indexstr
 *(.stab.indexstr)

.comment        0x00000000       0x11
 *(.comment)
 .comment       0x00000000       0x11 Hoodloader2.o
                                 0x12 (size before relaxing)
 .comment       0x00000000       0x12 Descriptors.o
 .comment       0x00000000       0x12 BootloaderAPI.o
 .comment       0x00000000       0x12 lufa-LUFA-140928/LUFA/Drivers/USB/Class/Common/HIDParser.o
 .comment       0x00000000       0x12 lufa-LUFA-140928/LUFA/Drivers/USB/Core/AVR8/Device_AVR8.o
 .comment       0x00000000       0x12 lufa-LUFA-140928/LUFA/Drivers/USB/Core/AVR8/EndpointStream_AVR8.o
 .comment       0x00000000       0x12 lufa-LUFA-140928/LUFA/Drivers/USB/Core/AVR8/Endpoint_AVR8.o
 .comment       0x00000000       0x12 lufa-LUFA-140928/LUFA/Drivers/USB/Core/AVR8/Host_AVR8.o
 .comment       0x00000000       0x12 lufa-LUFA-140928/LUFA/Drivers/USB/Core/AVR8/PipeStream_AVR8.o
 .comment       0x00000000       0x12 lufa-LUFA-140928/LUFA/Drivers/USB/Core/AVR8/Pipe_AVR8.o
 .comment       0x00000000       0x12 lufa-LUFA-140928/LUFA/Drivers/USB/Core/AVR8/USBController_AVR8.o
 .comment       0x00000000       0x12 lufa-LUFA-140928/LUFA/Drivers/USB/Core/AVR8/USBInterrupt_AVR8.o
 .comment       0x00000000       0x12 lufa-LUFA-140928/LUFA/Drivers/USB/Core/ConfigDescriptors.o
 .comment       0x00000000       0x12 lufa-LUFA-140928/LUFA/Drivers/USB/Core/DeviceStandardReq.o
 .comment       0x00000000       0x12 lufa-LUFA-140928/LUFA/Drivers/USB/Core/Events.o
 .comment       0x00000000       0x12 lufa-LUFA-140928/LUFA/Drivers/USB/Core/HostStandardReq.o
 .comment       0x00000000       0x12 lufa-LUFA-140928/LUFA/Drivers/USB/Core/USBTask.o

.debug
 *(.debug)

.line
 *(.line)

.debug_srcinfo
 *(.debug_srcinfo)

.debug_sfnames
 *(.debug_sfnames)

.debug_aranges  0x00000000      0x3a8
 *(.debug_aranges)
 .debug_aranges
                0x00000000       0x50 Hoodloader2.o
 .debug_aranges
                0x00000050       0x20 Descriptors.o
 .debug_aranges
                0x00000070       0x50 BootloaderAPI.o
 .debug_aranges
                0x000000c0       0x28 BootloaderAPITable.o
 .debug_aranges
                0x000000e8       0x38 lufa-LUFA-140928/LUFA/Drivers/USB/Class/Common/HIDParser.o
 .debug_aranges
                0x00000120       0x20 lufa-LUFA-140928/LUFA/Drivers/USB/Core/AVR8/Device_AVR8.o
 .debug_aranges
                0x00000140       0xc8 lufa-LUFA-140928/LUFA/Drivers/USB/Core/AVR8/EndpointStream_AVR8.o
 .debug_aranges
                0x00000208       0x40 lufa-LUFA-140928/LUFA/Drivers/USB/Core/AVR8/Endpoint_AVR8.o
 .debug_aranges
                0x00000248       0x18 lufa-LUFA-140928/LUFA/Drivers/USB/Core/AVR8/Host_AVR8.o
 .debug_aranges
                0x00000260       0x18 lufa-LUFA-140928/LUFA/Drivers/USB/Core/AVR8/PipeStream_AVR8.o
 .debug_aranges
                0x00000278       0x18 lufa-LUFA-140928/LUFA/Drivers/USB/Core/AVR8/Pipe_AVR8.o
 .debug_aranges
                0x00000290       0x30 lufa-LUFA-140928/LUFA/Drivers/USB/Core/AVR8/USBController_AVR8.o
 .debug_aranges
                0x000002c0       0x30 lufa-LUFA-140928/LUFA/Drivers/USB/Core/AVR8/USBInterrupt_AVR8.o
 .debug_aranges
                0x000002f0       0x40 lufa-LUFA-140928/LUFA/Drivers/USB/Core/ConfigDescriptors.o
 .debug_aranges
                0x00000330       0x20 lufa-LUFA-140928/LUFA/Drivers/USB/Core/DeviceStandardReq.o
 .debug_aranges
                0x00000350       0x20 lufa-LUFA-140928/LUFA/Drivers/USB/Core/Events.o
 .debug_aranges
                0x00000370       0x18 lufa-LUFA-140928/LUFA/Drivers/USB/Core/HostStandardReq.o
 .debug_aranges
                0x00000388       0x20 lufa-LUFA-140928/LUFA/Drivers/USB/Core/USBTask.o

.debug_pubnames
 *(.debug_pubnames)

.debug_info     0x00000000     0x579a
 *(.debug_info)
 .debug_info    0x00000000      0xfb1 Hoodloader2.o
 .debug_info    0x00000fb1      0x693 Descriptors.o
 .debug_info    0x00001644      0x240 BootloaderAPI.o
 .debug_info    0x00001884       0x72 BootloaderAPITable.o
 .debug_info    0x000018f6      0x73a lufa-LUFA-140928/LUFA/Drivers/USB/Class/Common/HIDParser.o
 .debug_info    0x00002030       0xd2 lufa-LUFA-140928/LUFA/Drivers/USB/Core/AVR8/Device_AVR8.o
 .debug_info    0x00002102     0x180a lufa-LUFA-140928/LUFA/Drivers/USB/Core/AVR8/EndpointStream_AVR8.o
 .debug_info    0x0000390c      0x595 lufa-LUFA-140928/LUFA/Drivers/USB/Core/AVR8/Endpoint_AVR8.o
 .debug_info    0x00003ea1       0x56 lufa-LUFA-140928/LUFA/Drivers/USB/Core/AVR8/Host_AVR8.o
 .debug_info    0x00003ef7       0x56 lufa-LUFA-140928/LUFA/Drivers/USB/Core/AVR8/PipeStream_AVR8.o
 .debug_info    0x00003f4d       0x56 lufa-LUFA-140928/LUFA/Drivers/USB/Core/AVR8/Pipe_AVR8.o
 .debug_info    0x00003fa3      0x43e lufa-LUFA-140928/LUFA/Drivers/USB/Core/AVR8/USBController_AVR8.o
 .debug_info    0x000043e1      0x53d lufa-LUFA-140928/LUFA/Drivers/USB/Core/AVR8/USBInterrupt_AVR8.o
 .debug_info    0x0000491e      0x3cd lufa-LUFA-140928/LUFA/Drivers/USB/Core/ConfigDescriptors.o
 .debug_info    0x00004ceb      0x78b lufa-LUFA-140928/LUFA/Drivers/USB/Core/DeviceStandardReq.o
 .debug_info    0x00005476       0x78 lufa-LUFA-140928/LUFA/Drivers/USB/Core/Events.o
 .debug_info    0x000054ee       0x56 lufa-LUFA-140928/LUFA/Drivers/USB/Core/HostStandardReq.o
 .debug_info    0x00005544      0x256 lufa-LUFA-140928/LUFA/Drivers/USB/Core/USBTask.o
 *(.gnu.linkonce.wi.*)

.debug_abbrev   0x00000000     0x1675
 *(.debug_abbrev)
 .debug_abbrev  0x00000000      0x40c Hoodloader2.o
 .debug_abbrev  0x0000040c      0x124 Descriptors.o
 .debug_abbrev  0x00000530       0xbb BootloaderAPI.o
 .debug_abbrev  0x000005eb       0x12 BootloaderAPITable.o
 .debug_abbrev  0x000005fd      0x22b lufa-LUFA-140928/LUFA/Drivers/USB/Class/Common/HIDParser.o
 .debug_abbrev  0x00000828       0x80 lufa-LUFA-140928/LUFA/Drivers/USB/Core/AVR8/Device_AVR8.o
 .debug_abbrev  0x000008a8      0x224 lufa-LUFA-140928/LUFA/Drivers/USB/Core/AVR8/EndpointStream_AVR8.o
 .debug_abbrev  0x00000acc      0x203 lufa-LUFA-140928/LUFA/Drivers/USB/Core/AVR8/Endpoint_AVR8.o
 .debug_abbrev  0x00000ccf       0x26 lufa-LUFA-140928/LUFA/Drivers/USB/Core/AVR8/Host_AVR8.o
 .debug_abbrev  0x00000cf5       0x26 lufa-LUFA-140928/LUFA/Drivers/USB/Core/AVR8/PipeStream_AVR8.o
 .debug_abbrev  0x00000d1b       0x26 lufa-LUFA-140928/LUFA/Drivers/USB/Core/AVR8/Pipe_AVR8.o
 .debug_abbrev  0x00000d41      0x18d lufa-LUFA-140928/LUFA/Drivers/USB/Core/AVR8/USBController_AVR8.o
 .debug_abbrev  0x00000ece      0x1ce lufa-LUFA-140928/LUFA/Drivers/USB/Core/AVR8/USBInterrupt_AVR8.o
 .debug_abbrev  0x0000109c      0x183 lufa-LUFA-140928/LUFA/Drivers/USB/Core/ConfigDescriptors.o
 .debug_abbrev  0x0000121f      0x282 lufa-LUFA-140928/LUFA/Drivers/USB/Core/DeviceStandardReq.o
 .debug_abbrev  0x000014a1       0x44 lufa-LUFA-140928/LUFA/Drivers/USB/Core/Events.o
 .debug_abbrev  0x000014e5       0x26 lufa-LUFA-140928/LUFA/Drivers/USB/Core/HostStandardReq.o
 .debug_abbrev  0x0000150b      0x16a lufa-LUFA-140928/LUFA/Drivers/USB/Core/USBTask.o

.debug_line     0x00000000     0x2855
 *(.debug_line)
 .debug_line    0x00000000      0x590 Hoodloader2.o
 .debug_line    0x00000590      0x171 Descriptors.o
 .debug_line    0x00000701      0x114 BootloaderAPI.o
 .debug_line    0x00000815       0x67 BootloaderAPITable.o
 .debug_line    0x0000087c      0x27c lufa-LUFA-140928/LUFA/Drivers/USB/Class/Common/HIDParser.o
 .debug_line    0x00000af8      0x115 lufa-LUFA-140928/LUFA/Drivers/USB/Core/AVR8/Device_AVR8.o
 .debug_line    0x00000c0d      0xcf7 lufa-LUFA-140928/LUFA/Drivers/USB/Core/AVR8/EndpointStream_AVR8.o
 .debug_line    0x00001904      0x349 lufa-LUFA-140928/LUFA/Drivers/USB/Core/AVR8/Endpoint_AVR8.o
 .debug_line    0x00001c4d       0x1a lufa-LUFA-140928/LUFA/Drivers/USB/Core/AVR8/Host_AVR8.o
 .debug_line    0x00001c67       0x1a lufa-LUFA-140928/LUFA/Drivers/USB/Core/AVR8/PipeStream_AVR8.o
 .debug_line    0x00001c81       0x1a lufa-LUFA-140928/LUFA/Drivers/USB/Core/AVR8/Pipe_AVR8.o
 .debug_line    0x00001c9b      0x278 lufa-LUFA-140928/LUFA/Drivers/USB/Core/AVR8/USBController_AVR8.o
 .debug_line    0x00001f13      0x33d lufa-LUFA-140928/LUFA/Drivers/USB/Core/AVR8/USBInterrupt_AVR8.o
 .debug_line    0x00002250      0x17b lufa-LUFA-140928/LUFA/Drivers/USB/Core/ConfigDescriptors.o
 .debug_line    0x000023cb      0x2a9 lufa-LUFA-140928/LUFA/Drivers/USB/Core/DeviceStandardReq.o
 .debug_line    0x00002674       0x5c lufa-LUFA-140928/LUFA/Drivers/USB/Core/Events.o
 .debug_line    0x000026d0       0x1a lufa-LUFA-140928/LUFA/Drivers/USB/Core/HostStandardReq.o
 .debug_line    0x000026ea      0x16b lufa-LUFA-140928/LUFA/Drivers/USB/Core/USBTask.o

.debug_frame    0x00000000      0x974
 *(.debug_frame)
 .debug_frame   0x00000000       0xac Hoodloader2.o
 .debug_frame   0x000000ac       0x24 Descriptors.o
 .debug_frame   0x000000d0       0x84 BootloaderAPI.o
 .debug_frame   0x00000154      0x114 lufa-LUFA-140928/LUFA/Drivers/USB/Class/Common/HIDParser.o
 .debug_frame   0x00000268       0x24 lufa-LUFA-140928/LUFA/Drivers/USB/Core/AVR8/Device_AVR8.o
 .debug_frame   0x0000028c      0x40c lufa-LUFA-140928/LUFA/Drivers/USB/Core/AVR8/EndpointStream_AVR8.o
 .debug_frame   0x00000698       0x78 lufa-LUFA-140928/LUFA/Drivers/USB/Core/AVR8/Endpoint_AVR8.o
 .debug_frame   0x00000710       0x44 lufa-LUFA-140928/LUFA/Drivers/USB/Core/AVR8/USBController_AVR8.o
 .debug_frame   0x00000754       0x8c lufa-LUFA-140928/LUFA/Drivers/USB/Core/AVR8/USBInterrupt_AVR8.o
 .debug_frame   0x000007e0      0x108 lufa-LUFA-140928/LUFA/Drivers/USB/Core/ConfigDescriptors.o
 .debug_frame   0x000008e8       0x3c lufa-LUFA-140928/LUFA/Drivers/USB/Core/DeviceStandardReq.o
 .debug_frame   0x00000924       0x24 lufa-LUFA-140928/LUFA/Drivers/USB/Core/Events.o
 .debug_frame   0x00000948       0x2c lufa-LUFA-140928/LUFA/Drivers/USB/Core/USBTask.o

.debug_str      0x00000000     0x2964
 *(.debug_str)
 .debug_str     0x00000000      0xbff Hoodloader2.o
                                0xc92 (size before relaxing)
 .debug_str     0x00000bff      0x6b0 Descriptors.o
                                0x7f4 (size before relaxing)
 .debug_str     0x000012af       0xc2 BootloaderAPI.o
                                0x1a4 (size before relaxing)
 .debug_str     0x00001371      0x4b0 lufa-LUFA-140928/LUFA/Drivers/USB/Class/Common/HIDParser.o
                                0x609 (size before relaxing)
 .debug_str     0x00001821       0x82 lufa-LUFA-140928/LUFA/Drivers/USB/Core/AVR8/Device_AVR8.o
                                0x145 (size before relaxing)
 .debug_str     0x000018a3      0x4a0 lufa-LUFA-140928/LUFA/Drivers/USB/Core/AVR8/EndpointStream_AVR8.o
                                0x7a6 (size before relaxing)
 .debug_str     0x00001d43      0x239 lufa-LUFA-140928/LUFA/Drivers/USB/Core/AVR8/Endpoint_AVR8.o
                                0x534 (size before relaxing)
 .debug_str     0x00001f7c       0x38 lufa-LUFA-140928/LUFA/Drivers/USB/Core/AVR8/Host_AVR8.o
                                 0xe4 (size before relaxing)
 .debug_str     0x00001fb4       0x3e lufa-LUFA-140928/LUFA/Drivers/USB/Core/AVR8/PipeStream_AVR8.o
                                 0xea (size before relaxing)
 .debug_str     0x00001ff2       0x38 lufa-LUFA-140928/LUFA/Drivers/USB/Core/AVR8/Pipe_AVR8.o
                                 0xe4 (size before relaxing)
 .debug_str     0x0000202a      0x1f9 lufa-LUFA-140928/LUFA/Drivers/USB/Core/AVR8/USBController_AVR8.o
                                0x42e (size before relaxing)
 .debug_str     0x00002223       0xf5 lufa-LUFA-140928/LUFA/Drivers/USB/Core/AVR8/USBInterrupt_AVR8.o
                                0x3fa (size before relaxing)
 .debug_str     0x00002318      0x232 lufa-LUFA-140928/LUFA/Drivers/USB/Core/ConfigDescriptors.o
                                0x32d (size before relaxing)
 .debug_str     0x0000254a      0x339 lufa-LUFA-140928/LUFA/Drivers/USB/Core/DeviceStandardReq.o
                                0x6a2 (size before relaxing)
 .debug_str     0x00002883       0x3f lufa-LUFA-140928/LUFA/Drivers/USB/Core/Events.o
                                 0xeb (size before relaxing)
 .debug_str     0x000028c2       0x39 lufa-LUFA-140928/LUFA/Drivers/USB/Core/HostStandardReq.o
                                 0xe5 (size before relaxing)
 .debug_str     0x000028fb       0x69 lufa-LUFA-140928/LUFA/Drivers/USB/Core/USBTask.o
                                0x2bc (size before relaxing)

.debug_loc      0x00000000     0x3d5a
 *(.debug_loc)
 .debug_loc     0x00000000      0x443 Hoodloader2.o
 .debug_loc     0x00000443      0x17f Descriptors.o
 .debug_loc     0x000005c2       0x92 BootloaderAPI.o
 .debug_loc     0x00000654      0x9c5 lufa-LUFA-140928/LUFA/Drivers/USB/Class/Common/HIDParser.o
 .debug_loc     0x00001019     0x2095 lufa-LUFA-140928/LUFA/Drivers/USB/Core/AVR8/EndpointStream_AVR8.o
 .debug_loc     0x000030ae      0x2e3 lufa-LUFA-140928/LUFA/Drivers/USB/Core/AVR8/Endpoint_AVR8.o
 .debug_loc     0x00003391      0x1f7 lufa-LUFA-140928/LUFA/Drivers/USB/Core/AVR8/USBInterrupt_AVR8.o
 .debug_loc     0x00003588      0x5bd lufa-LUFA-140928/LUFA/Drivers/USB/Core/ConfigDescriptors.o
 .debug_loc     0x00003b45      0x1cc lufa-LUFA-140928/LUFA/Drivers/USB/Core/DeviceStandardReq.o
 .debug_loc     0x00003d11       0x49 lufa-LUFA-140928/LUFA/Drivers/USB/Core/USBTask.o

.debug_macinfo
 *(.debug_macinfo)
OUTPUT(Hoodloader2.elf elf32-avr)
LOAD linker stubs

.apitable_trampolines
                0x00003fa0       0x18
 .apitable_trampolines
                0x00003fa0       0x18 BootloaderAPITable.o
                0x00003fa0                BootloaderAPI_Trampolines

.apitable_jumptable
                0x00003fe0       0x18
 .apitable_jumptable
                0x00003fe0       0x18 BootloaderAPITable.o
                0x00003fe0                BootloaderAPI_JumpTable

.apitable_signatures
                0x00003ff8        0x8
 .apitable_signatures
                0x00003ff8        0x8 BootloaderAPITable.o
                0x00003ff8                BootloaderAPI_Signatures

.debug_ranges   0x00000000      0x608
 .debug_ranges  0x00000000       0xf8 Hoodloader2.o
 .debug_ranges  0x000000f8       0x10 Descriptors.o
 .debug_ranges  0x00000108       0x40 BootloaderAPI.o
 .debug_ranges  0x00000148       0x20 BootloaderAPITable.o
 .debug_ranges  0x00000168       0xc8 lufa-LUFA-140928/LUFA/Drivers/USB/Class/Common/HIDParser.o
 .debug_ranges  0x00000230       0x10 lufa-LUFA-140928/LUFA/Drivers/USB/Core/AVR8/Device_AVR8.o
 .debug_ranges  0x00000240      0x298 lufa-LUFA-140928/LUFA/Drivers/USB/Core/AVR8/EndpointStream_AVR8.o
 .debug_ranges  0x000004d8       0x60 lufa-LUFA-140928/LUFA/Drivers/USB/Core/AVR8/Endpoint_AVR8.o
 .debug_ranges  0x00000538       0x20 lufa-LUFA-140928/LUFA/Drivers/USB/Core/AVR8/USBController_AVR8.o
 .debug_ranges  0x00000558       0x20 lufa-LUFA-140928/LUFA/Drivers/USB/Core/AVR8/USBInterrupt_AVR8.o
 .debug_ranges  0x00000578       0x30 lufa-LUFA-140928/LUFA/Drivers/USB/Core/ConfigDescriptors.o
 .debug_ranges  0x000005a8       0x40 lufa-LUFA-140928/LUFA/Drivers/USB/Core/DeviceStandardReq.o
 .debug_ranges  0x000005e8       0x10 lufa-LUFA-140928/LUFA/Drivers/USB/Core/Events.o
 .debug_ranges  0x000005f8       0x10 lufa-LUFA-140928/LUFA/Drivers/USB/Core/USBTask.o

Cross Reference Table

Symbol                                            File
Application_Jump_Check                            Hoodloader2.o
BootloaderAPI_ErasePage                           BootloaderAPI.o
                                                  BootloaderAPITable.o
BootloaderAPI_FillWord                            BootloaderAPI.o
                                                  BootloaderAPITable.o
BootloaderAPI_JumpTable                           BootloaderAPITable.o
BootloaderAPI_ReadFuse                            BootloaderAPI.o
                                                  BootloaderAPITable.o
BootloaderAPI_ReadLock                            BootloaderAPI.o
                                                  BootloaderAPITable.o
BootloaderAPI_ReadSignature                       BootloaderAPI.o
                                                  BootloaderAPITable.o
BootloaderAPI_Signatures                          BootloaderAPITable.o
BootloaderAPI_Trampolines                         BootloaderAPITable.o
BootloaderAPI_WriteLock                           BootloaderAPI.o
                                                  BootloaderAPITable.o
BootloaderAPI_WritePage                           BootloaderAPI.o
                                                  BootloaderAPITable.o
CALLBACK_HIDParser_FilterHIDReportItem            lufa-LUFA-140928/LUFA/Drivers/USB/Class/Common/HIDParser.o
CALLBACK_USB_GetDescriptor                        Descriptors.o
                                                  lufa-LUFA-140928/LUFA/Drivers/USB/Core/DeviceStandardReq.o
ConfigurationDescriptor                           Descriptors.o
DeviceDescriptor                                  Descriptors.o
EVENT_USB_Device_ConfigurationChanged             Hoodloader2.o
                                                  lufa-LUFA-140928/LUFA/Drivers/USB/Core/DeviceStandardReq.o
EVENT_USB_Device_Connect                          lufa-LUFA-140928/LUFA/Drivers/USB/Core/Events.o
                                                  lufa-LUFA-140928/LUFA/Drivers/USB/Core/AVR8/USBInterrupt_AVR8.o
EVENT_USB_Device_ControlRequest                   Hoodloader2.o
                                                  lufa-LUFA-140928/LUFA/Drivers/USB/Core/DeviceStandardReq.o
EVENT_USB_Device_Disconnect                       lufa-LUFA-140928/LUFA/Drivers/USB/Core/Events.o
                                                  lufa-LUFA-140928/LUFA/Drivers/USB/Core/AVR8/USBInterrupt_AVR8.o
EVENT_USB_Device_Reset                            lufa-LUFA-140928/LUFA/Drivers/USB/Core/Events.o
                                                  lufa-LUFA-140928/LUFA/Drivers/USB/Core/AVR8/USBInterrupt_AVR8.o
EVENT_USB_Device_StartOfFrame                     lufa-LUFA-140928/LUFA/Drivers/USB/Core/Events.o
EVENT_USB_Device_Suspend                          lufa-LUFA-140928/LUFA/Drivers/USB/Core/Events.o
EVENT_USB_Device_WakeUp                           lufa-LUFA-140928/LUFA/Drivers/USB/Core/Events.o
Endpoint_ClearEndpoints                           lufa-LUFA-140928/LUFA/Drivers/USB/Core/AVR8/Endpoint_AVR8.o
Endpoint_ClearStatusStage                         lufa-LUFA-140928/LUFA/Drivers/USB/Core/AVR8/Endpoint_AVR8.o
                                                  lufa-LUFA-140928/LUFA/Drivers/USB/Core/DeviceStandardReq.o
                                                  Hoodloader2.o
Endpoint_ConfigureEndpointTable                   lufa-LUFA-140928/LUFA/Drivers/USB/Core/AVR8/Endpoint_AVR8.o
Endpoint_ConfigureEndpoint_Prv                    lufa-LUFA-140928/LUFA/Drivers/USB/Core/AVR8/Endpoint_AVR8.o
                                                  lufa-LUFA-140928/LUFA/Drivers/USB/Core/AVR8/USBInterrupt_AVR8.o
                                                  lufa-LUFA-140928/LUFA/Drivers/USB/Core/AVR8/USBController_AVR8.o
                                                  Hoodloader2.o
Endpoint_Discard_Stream                           lufa-LUFA-140928/LUFA/Drivers/USB/Core/AVR8/EndpointStream_AVR8.o
Endpoint_Null_Stream                              lufa-LUFA-140928/LUFA/Drivers/USB/Core/AVR8/EndpointStream_AVR8.o
Endpoint_Read_Control_EStream_BE                  lufa-LUFA-140928/LUFA/Drivers/USB/Core/AVR8/EndpointStream_AVR8.o
Endpoint_Read_Control_EStream_LE                  lufa-LUFA-140928/LUFA/Drivers/USB/Core/AVR8/EndpointStream_AVR8.o
Endpoint_Read_Control_Stream_BE                   lufa-LUFA-140928/LUFA/Drivers/USB/Core/AVR8/EndpointStream_AVR8.o
Endpoint_Read_Control_Stream_LE                   lufa-LUFA-140928/LUFA/Drivers/USB/Core/AVR8/EndpointStream_AVR8.o
Endpoint_Read_EStream_BE                          lufa-LUFA-140928/LUFA/Drivers/USB/Core/AVR8/EndpointStream_AVR8.o
Endpoint_Read_EStream_LE                          lufa-LUFA-140928/LUFA/Drivers/USB/Core/AVR8/EndpointStream_AVR8.o
Endpoint_Read_Stream_BE                           lufa-LUFA-140928/LUFA/Drivers/USB/Core/AVR8/EndpointStream_AVR8.o
Endpoint_Read_Stream_LE                           lufa-LUFA-140928/LUFA/Drivers/USB/Core/AVR8/EndpointStream_AVR8.o
Endpoint_WaitUntilReady                           lufa-LUFA-140928/LUFA/Drivers/USB/Core/AVR8/Endpoint_AVR8.o
                                                  lufa-LUFA-140928/LUFA/Drivers/USB/Core/AVR8/EndpointStream_AVR8.o
Endpoint_Write_Control_EStream_BE                 lufa-LUFA-140928/LUFA/Drivers/USB/Core/AVR8/EndpointStream_AVR8.o
Endpoint_Write_Control_EStream_LE                 lufa-LUFA-140928/LUFA/Drivers/USB/Core/AVR8/EndpointStream_AVR8.o
Endpoint_Write_Control_PStream_BE                 lufa-LUFA-140928/LUFA/Drivers/USB/Core/AVR8/EndpointStream_AVR8.o
Endpoint_Write_Control_PStream_LE                 lufa-LUFA-140928/LUFA/Drivers/USB/Core/AVR8/EndpointStream_AVR8.o
Endpoint_Write_Control_Stream_BE                  lufa-LUFA-140928/LUFA/Drivers/USB/Core/AVR8/EndpointStream_AVR8.o
Endpoint_Write_Control_Stream_LE                  lufa-LUFA-140928/LUFA/Drivers/USB/Core/AVR8/EndpointStream_AVR8.o
                                                  lufa-LUFA-140928/LUFA/Drivers/USB/Core/DeviceStandardReq.o
                                                  Hoodloader2.o
Endpoint_Write_EStream_BE                         lufa-LUFA-140928/LUFA/Drivers/USB/Core/AVR8/EndpointStream_AVR8.o
Endpoint_Write_EStream_LE                         lufa-LUFA-140928/LUFA/Drivers/USB/Core/AVR8/EndpointStream_AVR8.o
Endpoint_Write_PStream_BE                         lufa-LUFA-140928/LUFA/Drivers/USB/Core/AVR8/EndpointStream_AVR8.o
Endpoint_Write_PStream_LE                         lufa-LUFA-140928/LUFA/Drivers/USB/Core/AVR8/EndpointStream_AVR8.o
Endpoint_Write_Stream_BE                          lufa-LUFA-140928/LUFA/Drivers/USB/Core/AVR8/EndpointStream_AVR8.o
Endpoint_Write_Stream_LE                          lufa-LUFA-140928/LUFA/Drivers/USB/Core/AVR8/EndpointStream_AVR8.o
LanguageString                                    Descriptors.o
MagicBootKey                                      Hoodloader2.o
ManufacturerString                                Descriptors.o
ProductString                                     Descriptors.o
USB_ControlRequest                                lufa-LUFA-140928/LUFA/Drivers/USB/Core/USBTask.o
                                                  lufa-LUFA-140928/LUFA/Drivers/USB/Core/DeviceStandardReq.o
                                                  lufa-LUFA-140928/LUFA/Drivers/USB/Core/AVR8/Endpoint_AVR8.o
                                                  lufa-LUFA-140928/LUFA/Drivers/USB/Core/AVR8/EndpointStream_AVR8.o
                                                  Hoodloader2.o
USB_Device_ConfigurationNumber                    lufa-LUFA-140928/LUFA/Drivers/USB/Core/DeviceStandardReq.o
                                                  lufa-LUFA-140928/LUFA/Drivers/USB/Core/AVR8/USBInterrupt_AVR8.o
                                                  lufa-LUFA-140928/LUFA/Drivers/USB/Core/AVR8/USBController_AVR8.o
USB_Device_ProcessControlRequest                  lufa-LUFA-140928/LUFA/Drivers/USB/Core/DeviceStandardReq.o
                                                  lufa-LUFA-140928/LUFA/Drivers/USB/Core/USBTask.o
USB_Device_SendRemoteWakeup                       lufa-LUFA-140928/LUFA/Drivers/USB/Core/AVR8/Device_AVR8.o
USB_Disable                                       lufa-LUFA-140928/LUFA/Drivers/USB/Core/AVR8/USBController_AVR8.o
USB_Event_Stub                                    lufa-LUFA-140928/LUFA/Drivers/USB/Core/Events.o
USB_GetHIDReportItemInfo                          lufa-LUFA-140928/LUFA/Drivers/USB/Class/Common/HIDParser.o
USB_GetHIDReportSize                              lufa-LUFA-140928/LUFA/Drivers/USB/Class/Common/HIDParser.o
USB_GetNextDescriptorComp                         lufa-LUFA-140928/LUFA/Drivers/USB/Core/ConfigDescriptors.o
USB_GetNextDescriptorOfType                       lufa-LUFA-140928/LUFA/Drivers/USB/Core/ConfigDescriptors.o
USB_GetNextDescriptorOfTypeAfter                  lufa-LUFA-140928/LUFA/Drivers/USB/Core/ConfigDescriptors.o
USB_GetNextDescriptorOfTypeBefore                 lufa-LUFA-140928/LUFA/Drivers/USB/Core/ConfigDescriptors.o
USB_INT_ClearAllInterrupts                        lufa-LUFA-140928/LUFA/Drivers/USB/Core/AVR8/USBInterrupt_AVR8.o
                                                  lufa-LUFA-140928/LUFA/Drivers/USB/Core/AVR8/USBController_AVR8.o
USB_INT_DisableAllInterrupts                      lufa-LUFA-140928/LUFA/Drivers/USB/Core/AVR8/USBInterrupt_AVR8.o
                                                  lufa-LUFA-140928/LUFA/Drivers/USB/Core/AVR8/USBController_AVR8.o
USB_Init                                          lufa-LUFA-140928/LUFA/Drivers/USB/Core/AVR8/USBController_AVR8.o
                                                  Hoodloader2.o
USB_IsInitialized                                 lufa-LUFA-140928/LUFA/Drivers/USB/Core/USBTask.o
                                                  lufa-LUFA-140928/LUFA/Drivers/USB/Core/AVR8/USBController_AVR8.o
USB_ProcessHIDReport                              lufa-LUFA-140928/LUFA/Drivers/USB/Class/Common/HIDParser.o
USB_ResetInterface                                lufa-LUFA-140928/LUFA/Drivers/USB/Core/AVR8/USBController_AVR8.o
USB_SetHIDReportItemInfo                          lufa-LUFA-140928/LUFA/Drivers/USB/Class/Common/HIDParser.o
USB_USBTask                                       lufa-LUFA-140928/LUFA/Drivers/USB/Core/USBTask.o
                                                  lufa-LUFA-140928/LUFA/Drivers/USB/Core/AVR8/EndpointStream_AVR8.o
                                                  Hoodloader2.o
__bad_interrupt                                   /usr/lib/gcc/avr/4.7.2/../../../avr/lib/avr35/crtusb162.o
__bss_end                                         /usr/lib/gcc/avr/4.7.2/avr35/libgcc.a(_clear_bss.o)
__bss_start                                       /usr/lib/gcc/avr/4.7.2/avr35/libgcc.a(_clear_bss.o)
__data_end                                        /usr/lib/gcc/avr/4.7.2/avr35/libgcc.a(_copy_data.o)
__data_load_start                                 /usr/lib/gcc/avr/4.7.2/avr35/libgcc.a(_copy_data.o)
__data_start                                      /usr/lib/gcc/avr/4.7.2/avr35/libgcc.a(_copy_data.o)
__do_clear_bss                                    /usr/lib/gcc/avr/4.7.2/avr35/libgcc.a(_clear_bss.o)
                                                  lufa-LUFA-140928/LUFA/Drivers/USB/Core/USBTask.o
                                                  lufa-LUFA-140928/LUFA/Drivers/USB/Core/DeviceStandardReq.o
                                                  Hoodloader2.o
__do_copy_data                                    /usr/lib/gcc/avr/4.7.2/avr35/libgcc.a(_copy_data.o)
                                                  Descriptors.o
                                                  Hoodloader2.o
__eerd_byte_usb162                                /usr/lib/gcc/avr/4.7.2/../../../avr/lib/avr35/libc.a(eerd_byte_at90usb162.o)
                                                  lufa-LUFA-140928/LUFA/Drivers/USB/Core/AVR8/EndpointStream_AVR8.o
                                                  Hoodloader2.o
__eeupd_byte_usb162                               /usr/lib/gcc/avr/4.7.2/../../../avr/lib/avr35/libc.a(eeupd_byte_at90usb162.o)
                                                  lufa-LUFA-140928/LUFA/Drivers/USB/Core/AVR8/EndpointStream_AVR8.o
__eeupd_r18_usb162                                /usr/lib/gcc/avr/4.7.2/../../../avr/lib/avr35/libc.a(eeupd_byte_at90usb162.o)
__eewr_byte_usb162                                /usr/lib/gcc/avr/4.7.2/../../../avr/lib/avr35/libc.a(eewr_byte_at90usb162.o)
                                                  Hoodloader2.o
__eewr_r18_usb162                                 /usr/lib/gcc/avr/4.7.2/../../../avr/lib/avr35/libc.a(eewr_byte_at90usb162.o)
__heap_end                                        /usr/lib/gcc/avr/4.7.2/../../../avr/lib/avr35/crtusb162.o
__init                                            /usr/lib/gcc/avr/4.7.2/../../../avr/lib/avr35/crtusb162.o
__mulhi3                                          /usr/lib/gcc/avr/4.7.2/avr35/libgcc.a(_mulhi3.o)
                                                  lufa-LUFA-140928/LUFA/Drivers/USB/Class/Common/HIDParser.o
__stack                                           /usr/lib/gcc/avr/4.7.2/../../../avr/lib/avr35/crtusb162.o
__udivmodsi4                                      /usr/lib/gcc/avr/4.7.2/avr35/libgcc.a(_udivmodsi4.o)
                                                  Hoodloader2.o
__vector_1                                        /usr/lib/gcc/avr/4.7.2/../../../avr/lib/avr35/crtusb162.o
__vector_10                                       /usr/lib/gcc/avr/4.7.2/../../../avr/lib/avr35/crtusb162.o
__vector_11                                       lufa-LUFA-140928/LUFA/Drivers/USB/Core/AVR8/USBInterrupt_AVR8.o
                                                  /usr/lib/gcc/avr/4.7.2/../../../avr/lib/avr35/crtusb162.o
__vector_12                                       /usr/lib/gcc/avr/4.7.2/../../../avr/lib/avr35/crtusb162.o
__vector_13                                       /usr/lib/gcc/avr/4.7.2/../../../avr/lib/avr35/crtusb162.o
__vector_14                                       /usr/lib/gcc/avr/4.7.2/../../../avr/lib/avr35/crtusb162.o
__vector_15                                       /usr/lib/gcc/avr/4.7.2/../../../avr/lib/avr35/crtusb162.o
__vector_16                                       /usr/lib/gcc/avr/4.7.2/../../../avr/lib/avr35/crtusb162.o
__vector_17                                       /usr/lib/gcc/avr/4.7.2/../../../avr/lib/avr35/crtusb162.o
__vector_18                                       /usr/lib/gcc/avr/4.7.2/../../../avr/lib/avr35/crtusb162.o
__vector_19                                       /usr/lib/gcc/avr/4.7.2/../../../avr/lib/avr35/crtusb162.o
__vector_2                                        /usr/lib/gcc/avr/4.7.2/../../../avr/lib/avr35/crtusb162.o
__vector_20                                       /usr/lib/gcc/avr/4.7.2/../../../avr/lib/avr35/crtusb162.o
__vector_21                                       /usr/lib/gcc/avr/4.7.2/../../../avr/lib/avr35/crtusb162.o
__vector_22                                       /usr/lib/gcc/avr/4.7.2/../../../avr/lib/avr35/crtusb162.o
__vector_23                                       Hoodloader2.o
                                                  /usr/lib/gcc/avr/4.7.2/../../../avr/lib/avr35/crtusb162.o
__vector_24                                       /usr/lib/gcc/avr/4.7.2/../../../avr/lib/avr35/crtusb162.o
__vector_25                                       /usr/lib/gcc/avr/4.7.2/../../../avr/lib/avr35/crtusb162.o
__vector_26                                       /usr/lib/gcc/avr/4.7.2/../../../avr/lib/avr35/crtusb162.o
__vector_27                                       /usr/lib/gcc/avr/4.7.2/../../../avr/lib/avr35/crtusb162.o
__vector_28                                       /usr/lib/gcc/avr/4.7.2/../../../avr/lib/avr35/crtusb162.o
__vector_3                                        /usr/lib/gcc/avr/4.7.2/../../../avr/lib/avr35/crtusb162.o
__vector_4                                        /usr/lib/gcc/avr/4.7.2/../../../avr/lib/avr35/crtusb162.o
__vector_5                                        /usr/lib/gcc/avr/4.7.2/../../../avr/lib/avr35/crtusb162.o
__vector_6                                        /usr/lib/gcc/avr/4.7.2/../../../avr/lib/avr35/crtusb162.o
__vector_7                                        /usr/lib/gcc/avr/4.7.2/../../../avr/lib/avr35/crtusb162.o
__vector_8                                        /usr/lib/gcc/avr/4.7.2/../../../avr/lib/avr35/crtusb162.o
__vector_9                                        /usr/lib/gcc/avr/4.7.2/../../../avr/lib/avr35/crtusb162.o
__vector_default                                  /usr/lib/gcc/avr/4.7.2/../../../avr/lib/avr35/crtusb162.o
__vectors                                         /usr/lib/gcc/avr/4.7.2/../../../avr/lib/avr35/crtusb162.o
_exit                                             /usr/lib/gcc/avr/4.7.2/avr35/libgcc.a(_exit.o)
exit                                              /usr/lib/gcc/avr/4.7.2/avr35/libgcc.a(_exit.o)
                                                  /usr/lib/gcc/avr/4.7.2/../../../avr/lib/avr35/crtusb162.o
main                                              Hoodloader2.o
                                                  /usr/lib/gcc/avr/4.7.2/../../../avr/lib/avr35/crtusb162.o
